173.166.77.213 - - [23/Apr/2013:11:57:11 -0700] "GET /images/menu/2chi.png HTTP/1.1" 200 2438 "http://random-site.com/include/main.css" "Mozilla/5.0 (Windows NT 6.2; WOW64; rv:20.0) Gecko/20100101 Firefox/20.0" "random-site.com"
173.166.77.213 - - [23/Apr/2013:11:57:11 -0700] "GET /images/menu/2lv.png HTTP/1.1" 200 2666 "http://random-site.com/include/main.css" "Mozilla/5.0 (Windows NT 6.2; WOW64; rv:20.0) Gecko/20100101 Firefox/20.0" "random-site.com"
173.166.77.213 - - [23/Apr/2013:11:57:11 -0700] "GET /images/menu/2brk.png HTTP/1.1" 200 2718 "http://random-site.com/include/main.css" "Mozilla/5.0 (Windows NT 6.2; WOW64; rv:20.0) Gecko/20100101 Firefox/20.0" "random-site.com"
173.166.77.213 - - [23/Apr/2013:11:57:11 -0700] "GET /images/menu/2dll.png HTTP/1.1" 200 2306 "http://random-site.com/include/main.css" "Mozilla/5.0 (Windows NT 6.2; WOW64; rv:20.0) Gecko/20100101 Firefox/20.0" "random-site.com"
218.213.141.62 - - [23/Apr/2013:11:57:12 -0700] "GET /las_vegas/calendar/calendar.php?mode=view&id=798 HTTP/1.1" 200 16422 "-" "ichiro/3.0 (http://help.goo.ne.jp/door/crawler.html)" "random-site.com"
108.46.184.98 - - [23/Apr/2013:11:57:22 -0700] "GET /include/main.css HTTP/1.1" 200 2638 "http://random-site.com/New_York/" "Mozilla/5.0 (Macintosh; Intel Mac OS X 10.8; rv:20.0) Gecko/20100101 Firefox/20.0" "random-site.com"
108.46.184.98 - - [23/Apr/2013:11:57:22 -0700] "GET /include/jquery.js HTTP/1.1" 200 25139 "http://random-site.com/New_York/" "Mozilla/5.0 (Macintosh; Intel Mac OS X 10.8; rv:20.0) Gecko/20100101 Firefox/20.0" "random-site.com"
108.46.184.98 - - [23/Apr/2013:11:57:22 -0700] "GET /images/header.png HTTP/1.1" 200 13610 "http://random-site.com/New_York/" "Mozilla/5.0 (Macintosh; Intel Mac OS X 10.8; rv:20.0) Gecko/20100101 Firefox/20.0" "random-site.com"
108.46.184.98 - - [23/Apr/2013:11:57:22 -0700] "GET /New_York/images/citybutton.png HTTP/1.1" 200 5490 "http://random-site.com/New_York/" "Mozilla/5.0 (Macintosh; Intel Mac OS X 10.8; rv:20.0) Gecko/20100101 Firefox/20.0" "random-site.com"
108.46.184.98 - - [23/Apr/2013:11:57:22 -0700] "GET /New_York/calendar/images/full_calendar.png HTTP/1.1" 200 636 "http://random-site.com/New_York/" "Mozilla/5.0 (Macintosh; Intel Mac OS X 10.8; rv:20.0) Gecko/20100101 Firefox/20.0" "random-site.com"
108.46.184.98 - - [23/Apr/2013:11:57:22 -0700] "GET /New_York/calendar/themes/default/images/addsign_a.gif HTTP/1.1" 200 99 "http://random-site.com/New_York/" "Mozilla/5.0 (Macintosh; Intel Mac OS X 10.8; rv:20.0) Gecko/20100101 Firefox/20.0" "random-site.com"
108.46.184.98 - - [23/Apr/2013:11:57:22 -0700] "GET /New_York/calendar/themes/default/images/addsign.gif HTTP/1.1" 200 99 "http://random-site.com/New_York/" "Mozilla/5.0 (Macintosh; Intel Mac OS X 10.8; rv:20.0) Gecko/20100101 Firefox/20.0" "random-site.com"
108.46.184.98 - - [23/Apr/2013:11:57:22 -0700] "GET /images/menu/2ny.png HTTP/1.1" 200 2732 "http://random-site.com/include/main.css" "Mozilla/5.0 (Macintosh; Intel Mac OS X 10.8; rv:20.0) Gecko/20100101 Firefox/20.0" "random-site.com"
108.46.184.98 - - [23/Apr/2013:11:57:22 -0700] "GET /images/menu/2atx.png HTTP/1.1" 200 2168 "http://random-site.com/include/main.css" "Mozilla/5.0 (Macintosh; Intel Mac OS X 10.8; rv:20.0) Gecko/20100101 Firefox/20.0" "random-site.com"
108.46.184.98 - - [23/Apr/2013:11:57:23 -0700] "GET /favicon.ico HTTP/1.1" 404 89 "-" "Mozilla/5.0 (Macintosh; Intel Mac OS X 10.8; rv:20.0) Gecko/20100101 Firefox/20.0" "random-site.com"
218.213.141.62 - - [23/Apr/2013:11:57:27 -0700] "GET /las_vegas/calendar/calendar.php?mode=view&id=867 HTTP/1.1" 200 15351 "-" "ichiro/3.0 (http://help.goo.ne.jp/door/crawler.html)" "random-site.com"
173.166.77.213 - - [23/Apr/2013:11:57:30 -0700] "GET /las_vegas/ HTTP/1.1" 200 7281 "http://random-site.com/las_vegas/" "Mozilla/5.0 (Windows NT 6.2; WOW64; rv:20.0) Gecko/20100101 Firefox/20.0" "random-site.com"
218.213.141.62 - - [23/Apr/2013:11:57:43 -0700] "GET /las_vegas/calendar/calendar.php?mode=view&id=885 HTTP/1.1" 200 15178 "-" "ichiro/3.0 (http://help.goo.ne.jp/door/crawler.html)" "random-site.com"
218.213.141.62 - - [23/Apr/2013:11:57:58 -0700] "GET /las_vegas/calendar/calendar.php?mode=view&id=879 HTTP/1.1" 200 15455 "-" "ichiro/3.0 (http://help.goo.ne.jp/door/crawler.html)" "random-site.com"
12.54.240.194 - - [23/Apr/2013:11:58:08 -0700] "GET / HTTP/1.1" 200 4023 "-" "Mozilla/5.0 (Windows NT 5.1; rv:20.0) Gecko/20100101 Firefox/20.0" "www.random-site.com"
12.54.240.194 - - [23/Apr/2013:11:58:34 -0700] "GET /chicago/calendar/calendar.php?mode=view&id=2297 HTTP/1.1" 200 6353 "http://random-site.com/chicago/" "Mozilla/5.0 (Windows NT 5.1; rv:20.0) Gecko/20100101 Firefox/20.0" "random-site.com"
12.54.240.194 - - [23/Apr/2013:11:58:35 -0700] "GET /chicago/calendar/upload/2e4f_Pic.jpg HTTP/1.1" 404 89 "http://random-site.com/chicago/calendar/calendar.php?mode=view&id=2297" "Mozilla/5.0 (Windows NT 5.1; rv:20.0) Gecko/20100101 Firefox/20.0" "random-site.com"
218.213.141.62 - - [23/Apr/2013:11:58:50 -0700] "GET /las_vegas/calendar/calendar.php?mode=view&id=889 HTTP/1.1" 200 15087 "-" "ichiro/3.0 (http://help.goo.ne.jp/door/crawler.html)" "random-site.com"
183.60.215.46 - - [23/Apr/2013:11:59:06 -0700] "GET /denver/ HTTP/1.1" 200 7282 "-" "Mozilla/5.0 (compatible; EasouSpider; +http://www.easou.com/search/spider.html)" "random-site.com"
218.213.141.62 - - [23/Apr/2013:11:59:22 -0700] "GET /las_vegas/calendar/calendar.php?mode=view&id=868 HTTP/1.1" 200 15025 "-" "ichiro/3.0 (http://help.goo.ne.jp/door/crawler.html)" "random-site.com"
12.54.240.194 - - [23/Apr/2013:12:00:18 -0700] "GET /chicago/photos/cache/fc205897b3001fef760d1ac1965ecc64.jpg HTTP/1.1" 200 13254 "http://random-site.com/chicago/photos/" "Mozilla/5.0 (Windows NT 5.1; rv:20.0) Gecko/20100101 Firefox/20.0" "random-site.com"
12.54.240.194 - - [23/Apr/2013:12:00:18 -0700] "GET /chicago/photos/cache/7eebd995869738ce96a49eb618064ac1.jpg HTTP/1.1" 200 10177 "http://random-site.com/chicago/photos/" "Mozilla/5.0 (Windows NT 5.1; rv:20.0) Gecko/20100101 Firefox/20.0" "random-site.com"
12.54.240.194 - - [23/Apr/2013:12:00:18 -0700] "GET /chicago/photos/cache/3994edc14e3d81072351f9900e3077ea.jpg HTTP/1.1" 200 9082 "http://random-site.com/chicago/photos/" "Mozilla/5.0 (Windows NT 5.1; rv:20.0) Gecko/20100101 Firefox/20.0" "random-site.com"
12.54.240.194 - - [23/Apr/2013:12:00:18 -0700] "GET /chicago/photos/cache/7cc95d254834b9dadb14d9694fcb5a7f.jpg HTTP/1.1" 200 12707 "http://random-site.com/chicago/photos/" "Mozilla/5.0 (Windows NT 5.1; rv:20.0) Gecko/20100101 Firefox/20.0" "random-site.com"
12.54.240.194 - - [23/Apr/2013:12:00:19 -0700] "GET /chicago/photos/index.php?file=./IMG_8254.JPG HTTP/1.1" 200 2228 "http://random-site.com/chicago/photos/" "Mozilla/5.0 (Windows NT 5.1; rv:20.0) Gecko/20100101 Firefox/20.0" "random-site.com"
12.54.240.194 - - [23/Apr/2013:12:00:20 -0700] "GET /chicago/photos/rcache/fc205897b3001fef760d1ac1965ecc64.jpg HTTP/1.1" 200 45112 "http://random-site.com/chicago/photos/index.php?file=./IMG_8254.JPG" "Mozilla/5.0 (Windows NT 5.1; rv:20.0) Gecko/20100101 Firefox/20.0" "random-site.com"
12.54.240.194 - - [23/Apr/2013:12:00:20 -0700] "GET /chicago/images/mini_arrowleft.gif HTTP/1.1" 200 531 "http://random-site.com/chicago/photos/index.php?file=./IMG_8254.JPG" "Mozilla/5.0 (Windows NT 5.1; rv:20.0) Gecko/20100101 Firefox/20.0" "random-site.com"
12.54.240.194 - - [23/Apr/2013:12:00:20 -0700] "GET /chicago/images/mini_arrowright.gif HTTP/1.1" 200 550 "http://random-site.com/chicago/photos/index.php?file=./IMG_8254.JPG" "Mozilla/5.0 (Windows NT 5.1; rv:20.0) Gecko/20100101 Firefox/20.0" "random-site.com"
218.213.141.62 - - [23/Apr/2013:12:00:26 -0700] "GET /las_vegas/calendar/calendar.php?mode=view&id=891 HTTP/1.1" 200 16042 "-" "ichiro/3.0 (http://help.goo.ne.jp/door/crawler.html)" "random-site.com"
12.54.240.194 - - [23/Apr/2013:12:00:41 -0700] "GET /chicago/photos/rcache/3994edc14e3d81072351f9900e3077ea.jpg HTTP/1.1" 200 30860 "http://random-site.com/chicago/photos/index.php?file=./IMG_8288.JPG" "Mozilla/5.0 (Windows NT 5.1; rv:20.0) Gecko/20100101 Firefox/20.0" "random-site.com"
12.54.240.194 - - [23/Apr/2013:12:00:44 -0700] "GET /chicago/photos/index.php?file=./IMG_8343.JPG HTTP/1.1" 200 2227 "http://random-site.com/chicago/photos/index.php?file=./IMG_8323.JPG" "Mozilla/5.0 (Windows NT 5.1; rv:20.0) Gecko/20100101 Firefox/20.0" "random-site.com"
12.54.240.194 - - [23/Apr/2013:12:00:44 -0700] "GET /chicago/photos/rcache/874e13b1c5f670ce86a59e05f073f030.jpg HTTP/1.1" 200 31568 "http://random-site.com/chicago/photos/index.php?file=./IMG_8343.JPG" "Mozilla/5.0 (Windows NT 5.1; rv:20.0) Gecko/20100101 Firefox/20.0" "random-site.com"
172.15.86.55 - - [23/Apr/2013:12:01:28 -0700] "GET /chicago/images/bdbk.jpg HTTP/1.1" 200 34761 "http://random-site.com/chicago/" "Mozilla/5.0 (Windows NT 6.1) AppleWebKit/534.57.2 (KHTML, like Gecko) Version/5.1.7 Safari/534.57.2" "random-site.com"
172.15.86.55 - - [23/Apr/2013:12:01:28 -0700] "GET /images/citymenubk.png HTTP/1.1" 200 4825 "http://random-site.com/chicago/" "Mozilla/5.0 (Windows NT 6.1) AppleWebKit/534.57.2 (KHTML, like Gecko) Version/5.1.7 Safari/534.57.2" "random-site.com"
172.15.86.55 - - [23/Apr/2013:12:01:28 -0700] "GET /images/twitter.png HTTP/1.1" 200 3840 "http://random-site.com/chicago/" "Mozilla/5.0 (Windows NT 6.1) AppleWebKit/534.57.2 (KHTML, like Gecko) Version/5.1.7 Safari/534.57.2" "random-site.com"
172.15.86.55 - - [23/Apr/2013:12:01:28 -0700] "GET /images/menu/2lv.png HTTP/1.1" 200 2666 "http://random-site.com/chicago/" "Mozilla/5.0 (Windows NT 6.1) AppleWebKit/534.57.2 (KHTML, like Gecko) Version/5.1.7 Safari/534.57.2" "random-site.com"
172.15.86.55 - - [23/Apr/2013:12:01:29 -0700] "GET /images/menu/2atx.png HTTP/1.1" 200 2168 "http://random-site.com/chicago/" "Mozilla/5.0 (Windows NT 6.1) AppleWebKit/534.57.2 (KHTML, like Gecko) Version/5.1.7 Safari/534.57.2" "random-site.com"
172.15.86.55 - - [23/Apr/2013:12:01:29 -0700] "GET /chicago/images/citybutton.png HTTP/1.1" 200 4966 "http://random-site.com/chicago/" "Mozilla/5.0 (Windows NT 6.1) AppleWebKit/534.57.2 (KHTML, like Gecko) Version/5.1.7 Safari/534.57.2" "random-site.com"
172.15.86.55 - - [23/Apr/2013:12:01:29 -0700] "GET /images/menu/2dnv.png HTTP/1.1" 200 2428 "http://random-site.com/chicago/" "Mozilla/5.0 (Windows NT 6.1) AppleWebKit/534.57.2 (KHTML, like Gecko) Version/5.1.7 Safari/534.57.2" "random-site.com"
172.15.86.55 - - [23/Apr/2013:12:01:29 -0700] "GET /images/store/st_iconsm.gif HTTP/1.1" 200 28069 "http://random-site.com/chicago/" "Mozilla/5.0 (Windows NT 6.1) AppleWebKit/534.57.2 (KHTML, like Gecko) Version/5.1.7 Safari/534.57.2" "random-site.com"
172.15.86.55 - - [23/Apr/2013:12:01:30 -0700] "GET /chicago/images/mainimages.jpg HTTP/1.1" 200 59725 "http://random-site.com/chicago/" "Mozilla/5.0 (Windows NT 6.1) AppleWebKit/534.57.2 (KHTML, like Gecko) Version/5.1.7 Safari/534.57.2" "random-site.com"
95.211.139.1 - - [23/Apr/2013:12:01:49 -0700] "GET /New_York HTTP/1.0" 301 80 "-" "Mozilla/5.0 (compatible; AcoonBot/4.11.1; +http://www.acoon.de/robot.asp)" "random-site.com"
128.135.219.78 - - [23/Apr/2013:12:02:11 -0700] "GET /chicago/include/city.css HTTP/1.1" 200 689 "http://random-site.com/chicago/" "Mozilla/5.0 (Macintosh; Intel Mac OS X 10_6_8) AppleWebKit/537.31 (KHTML, like Gecko) Chrome/26.0.1410.65 Safari/537.31" "random-site.com"
128.135.219.78 - - [23/Apr/2013:12:02:11 -0700] "GET /images/twitter.png HTTP/1.1" 200 3840 "http://random-site.com/chicago/" "Mozilla/5.0 (Macintosh; Intel Mac OS X 10_6_8) AppleWebKit/537.31 (KHTML, like Gecko) Chrome/26.0.1410.65 Safari/537.31" "random-site.com"
128.135.219.78 - - [23/Apr/2013:12:02:12 -0700] "GET /images/menu/2sf.png HTTP/1.1" 200 3437 "http://random-site.com/chicago/" "Mozilla/5.0 (Macintosh; Intel Mac OS X 10_6_8) AppleWebKit/537.31 (KHTML, like Gecko) Chrome/26.0.1410.65 Safari/537.31" "random-site.com"
128.135.219.78 - - [23/Apr/2013:12:02:12 -0700] "GET /images/menu/2lv.png HTTP/1.1" 200 2666 "http://random-site.com/chicago/" "Mozilla/5.0 (Macintosh; Intel Mac OS X 10_6_8) AppleWebKit/537.31 (KHTML, like Gecko) Chrome/26.0.1410.65 Safari/537.31" "random-site.com"
128.135.219.78 - - [23/Apr/2013:12:02:12 -0700] "GET /images/menu/2brk.png HTTP/1.1" 200 2718 "http://random-site.com/chicago/" "Mozilla/5.0 (Macintosh; Intel Mac OS X 10_6_8) AppleWebKit/537.31 (KHTML, like Gecko) Chrome/26.0.1410.65 Safari/537.31" "random-site.com"
128.135.219.78 - - [23/Apr/2013:12:02:12 -0700] "GET /images/menu/2dnv.png HTTP/1.1" 200 2428 "http://random-site.com/chicago/" "Mozilla/5.0 (Macintosh; Intel Mac OS X 10_6_8) AppleWebKit/537.31 (KHTML, like Gecko) Chrome/26.0.1410.65 Safari/537.31" "random-site.com"
128.135.219.78 - - [23/Apr/2013:12:02:12 -0700] "GET /images/menu/2chi.png HTTP/1.1" 200 2438 "http://random-site.com/chicago/" "Mozilla/5.0 (Macintosh; Intel Mac OS X 10_6_8) AppleWebKit/537.31 (KHTML, like Gecko) Chrome/26.0.1410.65 Safari/537.31" "random-site.com"
128.135.219.78 - - [23/Apr/2013:12:02:12 -0700] "GET /images/menu/2atx.png HTTP/1.1" 200 2168 "http://random-site.com/chicago/" "Mozilla/5.0 (Macintosh; Intel Mac OS X 10_6_8) AppleWebKit/537.31 (KHTML, like Gecko) Chrome/26.0.1410.65 Safari/537.31" "random-site.com"
128.135.219.78 - - [23/Apr/2013:12:02:12 -0700] "GET /images/thisweek.png HTTP/1.1" 200 1683 "http://random-site.com/chicago/" "Mozilla/5.0 (Macintosh; Intel Mac OS X 10_6_8) AppleWebKit/537.31 (KHTML, like Gecko) Chrome/26.0.1410.65 Safari/537.31" "random-site.com"
128.135.219.78 - - [23/Apr/2013:12:02:12 -0700] "GET /images/store/st_iconsm.gif HTTP/1.1" 200 28069 "http://random-site.com/chicago/" "Mozilla/5.0 (Macintosh; Intel Mac OS X 10_6_8) AppleWebKit/537.31 (KHTML, like Gecko) Chrome/26.0.1410.65 Safari/537.31" "random-site.com"
128.135.219.78 - - [23/Apr/2013:12:02:12 -0700] "GET /chicago/calendar/themes/default/images/addsign.gif HTTP/1.1" 200 99 "http://random-site.com/chicago/" "Mozilla/5.0 (Macintosh; Intel Mac OS X 10_6_8) AppleWebKit/537.31 (KHTML, like Gecko) Chrome/26.0.1410.65 Safari/537.31" "random-site.com"
128.135.219.78 - - [23/Apr/2013:12:02:12 -0700] "GET /images/footerbk.png HTTP/1.1" 200 4091 "http://random-site.com/chicago/" "Mozilla/5.0 (Macintosh; Intel Mac OS X 10_6_8) AppleWebKit/537.31 (KHTML, like Gecko) Chrome/26.0.1410.65 Safari/537.31" "random-site.com"
72.48.54.175 - - [23/Apr/2013:12:02:34 -0700] "GET /include/jquery.js HTTP/1.1" 200 25139 "http://random-site.com/New_York/" "Mozilla/5.0 (Windows NT 6.1; WOW64) AppleWebKit/537.31 (KHTML, like Gecko) Chrome/26.0.1410.64 Safari/537.31" "random-site.com"
72.48.54.175 - - [23/Apr/2013:12:02:35 -0700] "GET /images/header.png HTTP/1.1" 200 13610 "http://random-site.com/New_York/" "Mozilla/5.0 (Windows NT 6.1; WOW64) AppleWebKit/537.31 (KHTML, like Gecko) Chrome/26.0.1410.64 Safari/537.31" "random-site.com"
72.48.54.175 - - [23/Apr/2013:12:02:35 -0700] "GET /images/menu/2dll.png HTTP/1.1" 200 2306 "http://random-site.com/New_York/" "Mozilla/5.0 (Windows NT 6.1; WOW64) AppleWebKit/537.31 (KHTML, like Gecko) Chrome/26.0.1410.64 Safari/537.31" "random-site.com"
69.142.63.194 - - [23/Apr/2013:12:02:51 -0700] "GET /include/jquery.js HTTP/1.1" 200 72174 "http://random-site.com/" "Mozilla/5.0 (compatible; MSIE 9.0; Windows NT 6.1; WOW64; Trident/5.0)" "random-site.com"
69.142.63.194 - - [23/Apr/2013:12:02:51 -0700] "GET /images/header_smooth.png HTTP/1.1" 200 13610 "http://random-site.com/" "Mozilla/5.0 (compatible; MSIE 9.0; Windows NT 6.1; WOW64; Trident/5.0)" "random-site.com"
69.142.63.194 - - [23/Apr/2013:12:02:51 -0700] "GET /images/homeimages/4.jpg HTTP/1.1" 200 55365 "http://random-site.com/" "Mozilla/5.0 (compatible; MSIE 9.0; Windows NT 6.1; WOW64; Trident/5.0)" "random-site.com"
69.142.63.194 - - [23/Apr/2013:12:02:51 -0700] "GET /images/homeimages/5.jpg HTTP/1.1" 200 43852 "http://random-site.com/" "Mozilla/5.0 (compatible; MSIE 9.0; Windows NT 6.1; WOW64; Trident/5.0)" "random-site.com"
69.142.63.194 - - [23/Apr/2013:12:02:51 -0700] "GET /images/homeimages/31.jpg HTTP/1.1" 200 47346 "http://random-site.com/" "Mozilla/5.0 (compatible; MSIE 9.0; Windows NT 6.1; WOW64; Trident/5.0)" "random-site.com"
69.142.63.194 - - [23/Apr/2013:12:02:52 -0700] "GET /images/ballroom.jpg HTTP/1.1" 200 16977 "http://random-site.com/" "Mozilla/5.0 (compatible; MSIE 9.0; Windows NT 6.1; WOW64; Trident/5.0)" "random-site.com"
69.142.63.194 - - [23/Apr/2013:12:02:52 -0700] "GET /images/store/st_icon.gif HTTP/1.1" 200 30285 "http://random-site.com/" "Mozilla/5.0 (compatible; MSIE 9.0; Windows NT 6.1; WOW64; Trident/5.0)" "random-site.com"
69.142.63.194 - - [23/Apr/2013:12:02:53 -0700] "GET /images/menu/2dll.png HTTP/1.1" 200 2306 "http://random-site.com/" "Mozilla/5.0 (compatible; MSIE 9.0; Windows NT 6.1; WOW64; Trident/5.0)" "random-site.com"
69.142.63.194 - - [23/Apr/2013:12:02:53 -0700] "GET /images/menu/2ny.png HTTP/1.1" 200 2732 "http://random-site.com/" "Mozilla/5.0 (compatible; MSIE 9.0; Windows NT 6.1; WOW64; Trident/5.0)" "random-site.com"
72.48.54.175 - - [23/Apr/2013:12:03:01 -0700] "GET /chicago/ HTTP/1.1" 200 7397 "http://random-site.com/New_York/" "Mozilla/5.0 (Windows NT 6.1; WOW64) AppleWebKit/537.31 (KHTML, like Gecko) Chrome/26.0.1410.64 Safari/537.31" "random-site.com"
123.125.71.42 - - [23/Apr/2013:12:03:31 -0700] "GET / HTTP/1.1" 200 4023 "-" "Mozilla/5.0 (compatible; Baiduspider/2.0; +http://www.baidu.com/search/spider.html)" "random-site.com"
72.48.54.175 - - [23/Apr/2013:12:03:46 -0700] "GET /denver/images/mainimages.jpg HTTP/1.1" 200 51051 "http://random-site.com/denver/" "Mozilla/5.0 (Windows NT 6.1; WOW64) AppleWebKit/537.31 (KHTML, like Gecko) Chrome/26.0.1410.64 Safari/537.31" "random-site.com"
72.48.54.175 - - [23/Apr/2013:12:03:46 -0700] "GET /denver/calendar/themes/default/images/addsign.gif HTTP/1.1" 200 99 "http://random-site.com/denver/" "Mozilla/5.0 (Windows NT 6.1; WOW64) AppleWebKit/537.31 (KHTML, like Gecko) Chrome/26.0.1410.64 Safari/537.31" "random-site.com"
38.108.195.58 - - [23/Apr/2013:12:03:47 -0700] "GET /New_York/images/citybutton.png HTTP/1.1" 200 5490 "http://random-site.com/New_York/" "Mozilla/5.0 (Macintosh; Intel Mac OS X 10_6_8) AppleWebKit/537.11 (KHTML, like Gecko) Chrome/23.0.1271.64 Safari/537.11" "random-site.com"
38.108.195.58 - - [23/Apr/2013:12:03:47 -0700] "GET /images/menu/2ny.png HTTP/1.1" 200 2732 "http://random-site.com/New_York/" "Mozilla/5.0 (Macintosh; Intel Mac OS X 10_6_8) AppleWebKit/537.11 (KHTML, like Gecko) Chrome/23.0.1271.64 Safari/537.11" "random-site.com"
38.108.195.58 - - [23/Apr/2013:12:03:48 -0700] "GET /images/menu/2sf.png HTTP/1.1" 200 3437 "http://random-site.com/New_York/" "Mozilla/5.0 (Macintosh; Intel Mac OS X 10_6_8) AppleWebKit/537.11 (KHTML, like Gecko) Chrome/23.0.1271.64 Safari/537.11" "random-site.com"
38.108.195.58 - - [23/Apr/2013:12:03:48 -0700] "GET /New_York/images/mainimages.jpg HTTP/1.1" 200 60261 "http://random-site.com/New_York/" "Mozilla/5.0 (Macintosh; Intel Mac OS X 10_6_8) AppleWebKit/537.11 (KHTML, like Gecko) Chrome/23.0.1271.64 Safari/537.11" "random-site.com"
38.108.195.58 - - [23/Apr/2013:12:03:48 -0700] "GET /New_York/calendar/images/full_calendar.png HTTP/1.1" 200 636 "http://random-site.com/New_York/" "Mozilla/5.0 (Macintosh; Intel Mac OS X 10_6_8) AppleWebKit/537.11 (KHTML, like Gecko) Chrome/23.0.1271.64 Safari/537.11" "random-site.com"
38.108.195.58 - - [23/Apr/2013:12:03:48 -0700] "GET /New_York/calendar/themes/default/images/addsign_a.gif HTTP/1.1" 200 99 "http://random-site.com/New_York/" "Mozilla/5.0 (Macintosh; Intel Mac OS X 10_6_8) AppleWebKit/537.11 (KHTML, like Gecko) Chrome/23.0.1271.64 Safari/537.11" "random-site.com"
38.108.195.58 - - [23/Apr/2013:12:03:48 -0700] "GET /favicon.ico HTTP/1.1" 404 89 "-" "Mozilla/5.0 (Macintosh; Intel Mac OS X 10_6_8) AppleWebKit/537.11 (KHTML, like Gecko) Chrome/23.0.1271.64 Safari/537.11" "random-site.com"
72.48.54.175 - - [23/Apr/2013:12:04:22 -0700] "GET /dallas/include/city.css HTTP/1.1" 200 689 "http://random-site.com/dallas/" "Mozilla/5.0 (Windows NT 6.1; WOW64) AppleWebKit/537.31 (KHTML, like Gecko) Chrome/26.0.1410.64 Safari/537.31" "random-site.com"
72.48.54.175 - - [23/Apr/2013:12:04:22 -0700] "GET /dallas/images/bdbk.jpg HTTP/1.1" 200 38375 "http://random-site.com/dallas/" "Mozilla/5.0 (Windows NT 6.1; WOW64) AppleWebKit/537.31 (KHTML, like Gecko) Chrome/26.0.1410.64 Safari/537.31" "random-site.com"
72.48.54.175 - - [23/Apr/2013:12:04:22 -0700] "GET /dallas/images/citybutton.png HTTP/1.1" 200 4748 "http://random-site.com/dallas/" "Mozilla/5.0 (Windows NT 6.1; WOW64) AppleWebKit/537.31 (KHTML, like Gecko) Chrome/26.0.1410.64 Safari/537.31" "random-site.com"
72.48.54.175 - - [23/Apr/2013:12:04:22 -0700] "GET /dallas/calendar/themes/default/images/addsign.gif HTTP/1.1" 200 99 "http://random-site.com/dallas/" "Mozilla/5.0 (Windows NT 6.1; WOW64) AppleWebKit/537.31 (KHTML, like Gecko) Chrome/26.0.1410.64 Safari/537.31" "random-site.com"
72.48.54.175 - - [23/Apr/2013:12:04:22 -0700] "GET /dallas/calendar/themes/default/images/addsign_a.gif HTTP/1.1" 200 99 "http://random-site.com/dallas/" "Mozilla/5.0 (Windows NT 6.1; WOW64) AppleWebKit/537.31 (KHTML, like Gecko) Chrome/26.0.1410.64 Safari/537.31" "random-site.com"
72.48.54.175 - - [23/Apr/2013:12:04:22 -0700] "GET /dallas/calendar/images/full_calendar.png HTTP/1.1" 200 636 "http://random-site.com/dallas/" "Mozilla/5.0 (Windows NT 6.1; WOW64) AppleWebKit/537.31 (KHTML, like Gecko) Chrome/26.0.1410.64 Safari/537.31" "random-site.com"
189.76.157.11 - - [23/Apr/2013:12:04:47 -0700] "GET /images/header.png HTTP/1.1" 200 13610 "http://random-site.com/New_York/" "Mozilla/5.0 (Windows NT 5.1) AppleWebKit/537.31 (KHTML, like Gecko) Chrome/26.0.1410.64 Safari/537.31" "random-site.com"
189.76.157.11 - - [23/Apr/2013:12:04:47 -0700] "GET /images/citymenubk.png HTTP/1.1" 200 4825 "http://random-site.com/New_York/" "Mozilla/5.0 (Windows NT 5.1) AppleWebKit/537.31 (KHTML, like Gecko) Chrome/26.0.1410.64 Safari/537.31" "random-site.com"
189.76.157.11 - - [23/Apr/2013:12:04:47 -0700] "GET /images/facebook.png HTTP/1.1" 200 3769 "http://random-site.com/New_York/" "Mozilla/5.0 (Windows NT 5.1) AppleWebKit/537.31 (KHTML, like Gecko) Chrome/26.0.1410.64 Safari/537.31" "random-site.com"
189.76.157.11 - - [23/Apr/2013:12:04:47 -0700] "GET /New_York/images/bdbk.jpg HTTP/1.1" 200 39056 "http://random-site.com/New_York/" "Mozilla/5.0 (Windows NT 5.1) AppleWebKit/537.31 (KHTML, like Gecko) Chrome/26.0.1410.64 Safari/537.31" "random-site.com"
189.76.157.11 - - [23/Apr/2013:12:04:48 -0700] "GET /images/menu/2lv.png HTTP/1.1" 200 2666 "http://random-site.com/New_York/" "Mozilla/5.0 (Windows NT 5.1) AppleWebKit/537.31 (KHTML, like Gecko) Chrome/26.0.1410.64 Safari/537.31" "random-site.com"
189.76.157.11 - - [23/Apr/2013:12:04:49 -0700] "GET /images/menu/2atx.png HTTP/1.1" 200 2168 "http://random-site.com/New_York/" "Mozilla/5.0 (Windows NT 5.1) AppleWebKit/537.31 (KHTML, like Gecko) Chrome/26.0.1410.64 Safari/537.31" "random-site.com"
189.76.157.11 - - [23/Apr/2013:12:04:49 -0700] "GET /images/menu/2brk.png HTTP/1.1" 200 2718 "http://random-site.com/New_York/" "Mozilla/5.0 (Windows NT 5.1) AppleWebKit/537.31 (KHTML, like Gecko) Chrome/26.0.1410.64 Safari/537.31" "random-site.com"
189.76.157.11 - - [23/Apr/2013:12:04:54 -0700] "GET /images/store/st_iconsm.gif HTTP/1.1" 200 28069 "http://random-site.com/New_York/" "Mozilla/5.0 (Windows NT 5.1) AppleWebKit/537.31 (KHTML, like Gecko) Chrome/26.0.1410.64 Safari/537.31" "random-site.com"
189.76.157.11 - - [23/Apr/2013:12:04:57 -0700] "GET /images/thisweek.png HTTP/1.1" 200 1683 "http://random-site.com/New_York/" "Mozilla/5.0 (Windows NT 5.1) AppleWebKit/537.31 (KHTML, like Gecko) Chrome/26.0.1410.64 Safari/537.31" "random-site.com"
189.76.157.11 - - [23/Apr/2013:12:04:57 -0700] "GET /New_York/calendar/themes/default/images/addsign.gif HTTP/1.1" 200 99 "http://random-site.com/New_York/" "Mozilla/5.0 (Windows NT 5.1) AppleWebKit/537.31 (KHTML, like Gecko) Chrome/26.0.1410.64 Safari/537.31" "random-site.com"
189.76.157.11 - - [23/Apr/2013:12:04:57 -0700] "GET /New_York/calendar/themes/default/images/addsign_a.gif HTTP/1.1" 200 99 "http://random-site.com/New_York/" "Mozilla/5.0 (Windows NT 5.1) AppleWebKit/537.31 (KHTML, like Gecko) Chrome/26.0.1410.64 Safari/537.31" "random-site.com"
189.76.157.11 - - [23/Apr/2013:12:04:59 -0700] "GET /favicon.ico HTTP/1.1" 404 89 "-" "Mozilla/5.0 (Windows NT 5.1) AppleWebKit/537.31 (KHTML, like Gecko) Chrome/26.0.1410.64 Safari/537.31" "random-site.com"
72.48.54.175 - - [23/Apr/2013:12:05:03 -0700] "GET /brooklyn/include/city.css HTTP/1.1" 200 689 "http://random-site.com/brooklyn/" "Mozilla/5.0 (Windows NT 6.1; WOW64) AppleWebKit/537.31 (KHTML, like Gecko) Chrome/26.0.1410.64 Safari/537.31" "random-site.com"
72.48.54.175 - - [23/Apr/2013:12:05:03 -0700] "GET /brooklyn/calendar/images/full_calendar.png HTTP/1.1" 200 636 "http://random-site.com/brooklyn/" "Mozilla/5.0 (Windows NT 6.1; WOW64) AppleWebKit/537.31 (KHTML, like Gecko) Chrome/26.0.1410.64 Safari/537.31" "random-site.com"
72.48.54.175 - - [23/Apr/2013:12:05:03 -0700] "GET /brooklyn/images/mainimages.jpg HTTP/1.1" 200 77082 "http://random-site.com/brooklyn/" "Mozilla/5.0 (Windows NT 6.1; WOW64) AppleWebKit/537.31 (KHTML, like Gecko) Chrome/26.0.1410.64 Safari/537.31" "random-site.com"
72.48.54.175 - - [23/Apr/2013:12:05:03 -0700] "GET /brooklyn/images/citybutton.png HTTP/1.1" 200 5249 "http://random-site.com/brooklyn/" "Mozilla/5.0 (Windows NT 6.1; WOW64) AppleWebKit/537.31 (KHTML, like Gecko) Chrome/26.0.1410.64 Safari/537.31" "random-site.com"
72.48.54.175 - - [23/Apr/2013:12:05:03 -0700] "GET /brooklyn/calendar/themes/default/images/addsign_a.gif HTTP/1.1" 200 99 "http://random-site.com/brooklyn/" "Mozilla/5.0 (Windows NT 6.1; WOW64) AppleWebKit/537.31 (KHTML, like Gecko) Chrome/26.0.1410.64 Safari/537.31" "random-site.com"
72.48.54.175 - - [23/Apr/2013:12:05:03 -0700] "GET /brooklyn/calendar/themes/default/images/addsign.gif HTTP/1.1" 200 99 "http://random-site.com/brooklyn/" "Mozilla/5.0 (Windows NT 6.1; WOW64) AppleWebKit/537.31 (KHTML, like Gecko) Chrome/26.0.1410.64 Safari/537.31" "random-site.com"
76.4.242.30 - - [23/Apr/2013:12:05:07 -0700] "GET /include/jquery.js HTTP/1.1" 200 25139 "http://random-site.com/dallas/" "Mozilla/5.0 (Windows NT 6.1; WOW64) AppleWebKit/537.31 (KHTML, like Gecko) Chrome/26.0.1410.64 Safari/537.31" "random-site.com"
76.4.242.30 - - [23/Apr/2013:12:05:08 -0700] "GET /images/citymenubk.png HTTP/1.1" 200 4825 "http://random-site.com/dallas/" "Mozilla/5.0 (Windows NT 6.1; WOW64) AppleWebKit/537.31 (KHTML, like Gecko) Chrome/26.0.1410.64 Safari/537.31" "random-site.com"
76.4.242.30 - - [23/Apr/2013:12:05:08 -0700] "GET /dallas/images/citybutton.png HTTP/1.1" 200 4748 "http://random-site.com/dallas/" "Mozilla/5.0 (Windows NT 6.1; WOW64) AppleWebKit/537.31 (KHTML, like Gecko) Chrome/26.0.1410.64 Safari/537.31" "random-site.com"
76.4.242.30 - - [23/Apr/2013:12:05:08 -0700] "GET /images/menu/2sf.png HTTP/1.1" 200 3437 "http://random-site.com/dallas/" "Mozilla/5.0 (Windows NT 6.1; WOW64) AppleWebKit/537.31 (KHTML, like Gecko) Chrome/26.0.1410.64 Safari/537.31" "random-site.com"
76.4.242.30 - - [23/Apr/2013:12:05:08 -0700] "GET /images/menu/2brk.png HTTP/1.1" 200 2718 "http://random-site.com/dallas/" "Mozilla/5.0 (Windows NT 6.1; WOW64) AppleWebKit/537.31 (KHTML, like Gecko) Chrome/26.0.1410.64 Safari/537.31" "random-site.com"
69.95.122.12 - - [23/Apr/2013:12:06:08 -0700] "GET /images/menu/2lv.png HTTP/1.1" 200 2666 "http://random-site.com/las_vegas/" "Mozilla/5.0 (Windows NT 6.2; WOW64) AppleWebKit/537.31 (KHTML, like Gecko) Chrome/26.0.1410.64 Safari/537.31" "random-site.com"
69.95.122.12 - - [23/Apr/2013:12:06:08 -0700] "GET /images/menu/2atx.png HTTP/1.1" 200 2168 "http://random-site.com/las_vegas/" "Mozilla/5.0 (Windows NT 6.2; WOW64) AppleWebKit/537.31 (KHTML, like Gecko) Chrome/26.0.1410.64 Safari/537.31" "random-site.com"
69.95.122.12 - - [23/Apr/2013:12:06:08 -0700] "GET /images/menu/2chi.png HTTP/1.1" 200 2438 "http://random-site.com/las_vegas/" "Mozilla/5.0 (Windows NT 6.2; WOW64) AppleWebKit/537.31 (KHTML, like Gecko) Chrome/26.0.1410.64 Safari/537.31" "random-site.com"
69.95.122.12 - - [23/Apr/2013:12:06:08 -0700] "GET /images/thisweek.png HTTP/1.1" 200 1683 "http://random-site.com/las_vegas/" "Mozilla/5.0 (Windows NT 6.2; WOW64) AppleWebKit/537.31 (KHTML, like Gecko) Chrome/26.0.1410.64 Safari/537.31" "random-site.com"
174.253.1.228 - - [23/Apr/2013:12:06:36 -0700] "GET /chicago/images/citybutton.png HTTP/1.1" 200 4966 "http://random-site.com/chicago/" "Mozilla/5.0 (iPhone; CPU iPhone OS 6_1_3 like Mac OS X) AppleWebKit/536.26 (KHTML, like Gecko) Version/6.0 Mobile/10B329 Safari/8536.25" "random-site.com"
218.213.141.62 - - [23/Apr/2013:12:06:37 -0700] "GET /las_vegas/calendar/upload/bd39_1348175875757.jpg HTTP/1.1" 200 45398 "-" "ichiro/3.0 (http://help.goo.ne.jp/door/crawler.html)" "random-site.com"
174.253.1.228 - - [23/Apr/2013:12:06:40 -0700] "GET /images/thisweek.png HTTP/1.1" 200 1683 "http://random-site.com/chicago/" "Mozilla/5.0 (iPhone; CPU iPhone OS 6_1_3 like Mac OS X) AppleWebKit/536.26 (KHTML, like Gecko) Version/6.0 Mobile/10B329 Safari/8536.25" "random-site.com"
174.253.1.228 - - [23/Apr/2013:12:06:42 -0700] "GET /images/citymenubk.png HTTP/1.1" 200 4825 "http://random-site.com/chicago/" "Mozilla/5.0 (iPhone; CPU iPhone OS 6_1_3 like Mac OS X) AppleWebKit/536.26 (KHTML, like Gecko) Version/6.0 Mobile/10B329 Safari/8536.25" "random-site.com"
174.253.1.228 - - [23/Apr/2013:12:06:42 -0700] "GET /chicago/images/mainimages.jpg HTTP/1.1" 200 59725 "http://random-site.com/chicago/" "Mozilla/5.0 (iPhone; CPU iPhone OS 6_1_3 like Mac OS X) AppleWebKit/536.26 (KHTML, like Gecko) Version/6.0 Mobile/10B329 Safari/8536.25" "random-site.com"
174.253.1.228 - - [23/Apr/2013:12:06:43 -0700] "GET /chicago/calendar/images/full_calendar.png HTTP/1.1" 200 636 "http://random-site.com/chicago/" "Mozilla/5.0 (iPhone; CPU iPhone OS 6_1_3 like Mac OS X) AppleWebKit/536.26 (KHTML, like Gecko) Version/6.0 Mobile/10B329 Safari/8536.25" "random-site.com"
218.213.141.62 - - [23/Apr/2013:12:06:45 -0700] "GET /las_vegas/calendar/upload/1a83_092812_TheFeatures_web.jpg HTTP/1.1" 200 506962 "-" "ichiro/3.0 (http://help.goo.ne.jp/door/crawler.html)" "random-site.com"
174.253.1.228 - - [23/Apr/2013:12:06:46 -0700] "GET /images/menu/2chi.png HTTP/1.1" 200 2438 "http://random-site.com/chicago/" "Mozilla/5.0 (iPhone; CPU iPhone OS 6_1_3 like Mac OS X) AppleWebKit/536.26 (KHTML, like Gecko) Version/6.0 Mobile/10B329 Safari/8536.25" "random-site.com"
174.253.1.228 - - [23/Apr/2013:12:06:47 -0700] "GET /images/menu/2lv.png HTTP/1.1" 200 2666 "http://random-site.com/chicago/" "Mozilla/5.0 (iPhone; CPU iPhone OS 6_1_3 like Mac OS X) AppleWebKit/536.26 (KHTML, like Gecko) Version/6.0 Mobile/10B329 Safari/8536.25" "random-site.com"
174.253.1.228 - - [23/Apr/2013:12:06:48 -0700] "GET /images/menu/2brk.png HTTP/1.1" 200 2718 "http://random-site.com/chicago/" "Mozilla/5.0 (iPhone; CPU iPhone OS 6_1_3 like Mac OS X) AppleWebKit/536.26 (KHTML, like Gecko) Version/6.0 Mobile/10B329 Safari/8536.25" "random-site.com"
218.213.141.62 - - [23/Apr/2013:12:06:49 -0700] "GET /las_vegas/calendar/upload/bcdb_sepsaywhat.jpg HTTP/1.1" 200 82497 "-" "ichiro/3.0 (http://help.goo.ne.jp/door/crawler.html)" "random-site.com"
174.253.1.228 - - [23/Apr/2013:12:06:50 -0700] "GET /images/footerbk.png HTTP/1.1" 200 4091 "http://random-site.com/chicago/" "Mozilla/5.0 (iPhone; CPU iPhone OS 6_1_3 like Mac OS X) AppleWebKit/536.26 (KHTML, like Gecko) Version/6.0 Mobile/10B329 Safari/8536.25" "random-site.com"
218.213.141.62 - - [23/Apr/2013:12:06:52 -0700] "GET /las_vegas/calendar/upload/332c_sundayskoolin.jpg HTTP/1.1" 200 48206 "-" "ichiro/3.0 (http://help.goo.ne.jp/door/crawler.html)" "random-site.com"
174.253.1.228 - - [23/Apr/2013:12:06:53 -0700] "GET /images/menu/2atx.png HTTP/1.1" 200 2168 "http://random-site.com/chicago/" "Mozilla/5.0 (iPhone; CPU iPhone OS 6_1_3 like Mac OS X) AppleWebKit/536.26 (KHTML, like Gecko) Version/6.0 Mobile/10B329 Safari/8536.25" "random-site.com"
174.253.1.228 - - [23/Apr/2013:12:06:54 -0700] "GET /images/menu/2dll.png HTTP/1.1" 200 2306 "http://random-site.com/chicago/" "Mozilla/5.0 (iPhone; CPU iPhone OS 6_1_3 like Mac OS X) AppleWebKit/536.26 (KHTML, like Gecko) Version/6.0 Mobile/10B329 Safari/8536.25" "random-site.com"
72.48.54.175 - - [23/Apr/2013:12:07:05 -0700] "GET /New_York/ HTTP/1.1" 200 7240 "http://random-site.com/san_francisco/" "Mozilla/5.0 (Windows NT 6.1; WOW64) AppleWebKit/537.31 (KHTML, like Gecko) Chrome/26.0.1410.64 Safari/537.31" "random-site.com"
174.253.1.228 - - [23/Apr/2013:12:07:05 -0700] "GET /chicago/calendar/ HTTP/1.1" 200 7042 "http://random-site.com/chicago/" "Mozilla/5.0 (iPhone; CPU iPhone OS 6_1_3 like Mac OS X) AppleWebKit/536.26 (KHTML, like Gecko) Version/6.0 Mobile/10B329 Safari/8536.25" "random-site.com"
174.253.1.228 - - [23/Apr/2013:12:07:07 -0700] "GET /include/calendar.css HTTP/1.1" 200 2190 "http://random-site.com/chicago/calendar/" "Mozilla/5.0 (iPhone; CPU iPhone OS 6_1_3 like Mac OS X) AppleWebKit/536.26 (KHTML, like Gecko) Version/6.0 Mobile/10B329 Safari/8536.25" "random-site.com"
174.253.1.228 - - [23/Apr/2013:12:07:09 -0700] "GET /chicago/calendar/images/mini_arrowleft.gif HTTP/1.1" 200 531 "http://random-site.com/chicago/calendar/" "Mozilla/5.0 (iPhone; CPU iPhone OS 6_1_3 like Mac OS X) AppleWebKit/536.26 (KHTML, like Gecko) Version/6.0 Mobile/10B329 Safari/8536.25" "random-site.com"
174.253.1.228 - - [23/Apr/2013:12:07:11 -0700] "GET /chicago/calendar/themes/default/images/icon-event-onedate.gif HTTP/1.1" 200 206 "http://random-site.com/chicago/calendar/" "Mozilla/5.0 (iPhone; CPU iPhone OS 6_1_3 like Mac OS X) AppleWebKit/536.26 (KHTML, like Gecko) Version/6.0 Mobile/10B329 Safari/8536.25" "random-site.com"
174.253.1.228 - - [23/Apr/2013:12:07:12 -0700] "GET /images/logomd.png HTTP/1.1" 404 89 "http://random-site.com/chicago/calendar/" "Mozilla/5.0 (iPhone; CPU iPhone OS 6_1_3 like Mac OS X) AppleWebKit/536.26 (KHTML, like Gecko) Version/6.0 Mobile/10B329 Safari/8536.25" "random-site.com"
66.87.127.204 - - [23/Apr/2013:12:07:24 -0700] "GET /las_vegas/calendar/ HTTP/1.1" 200 6930 "http://www.google.com/search?hl=en&redir_esc=&client=ms-android-sprint-us&source=android-com.sec.android.app.twlauncher&v=141400000&qsubts=1366744031306&action=devloc&q=beauty+bar+las+vegas" "Mozilla/5.0 (Linux; U; Android 4.0.4; en-us; SPH-D710 Build/IMM76I) AppleWebKit/534.30 (KHTML, like Gecko) Version/4.0 Mobile Safari/534.30" "random-site.com"
66.87.127.204 - - [23/Apr/2013:12:07:24 -0700] "GET /include/main.css HTTP/1.1" 200 2638 "http://random-site.com/las_vegas/calendar/" "Mozilla/5.0 (Linux; U; Android 4.0.4; en-us; SPH-D710 Build/IMM76I) AppleWebKit/534.30 (KHTML, like Gecko) Version/4.0 Mobile Safari/534.30" "random-site.com"
66.87.127.204 - - [23/Apr/2013:12:07:25 -0700] "GET /images/menu/2dnv.png HTTP/1.1" 200 2428 "http://random-site.com/las_vegas/calendar/" "Mozilla/5.0 (Linux; U; Android 4.0.4; en-us; SPH-D710 Build/IMM76I) AppleWebKit/534.30 (KHTML, like Gecko) Version/4.0 Mobile Safari/534.30" "random-site.com"
66.87.127.204 - - [23/Apr/2013:12:07:25 -0700] "GET /images/myspace.png HTTP/1.1" 200 3878 "http://random-site.com/las_vegas/calendar/" "Mozilla/5.0 (Linux; U; Android 4.0.4; en-us; SPH-D710 Build/IMM76I) AppleWebKit/534.30 (KHTML, like Gecko) Version/4.0 Mobile Safari/534.30" "random-site.com"
66.87.127.204 - - [23/Apr/2013:12:07:25 -0700] "GET /las_vegas/calendar/themes/default/images/addsign.gif HTTP/1.1" 200 99 "http://random-site.com/las_vegas/calendar/" "Mozilla/5.0 (Linux; U; Android 4.0.4; en-us; SPH-D710 Build/IMM76I) AppleWebKit/534.30 (KHTML, like Gecko) Version/4.0 Mobile Safari/534.30" "random-site.com"
66.87.127.204 - - [23/Apr/2013:12:07:25 -0700] "GET /las_vegas/calendar/themes/default/images/addsign_a.gif HTTP/1.1" 200 99 "http://random-site.com/las_vegas/calendar/" "Mozilla/5.0 (Linux; U; Android 4.0.4; en-us; SPH-D710 Build/IMM76I) AppleWebKit/534.30 (KHTML, like Gecko) Version/4.0 Mobile Safari/534.30" "random-site.com"
66.87.127.204 - - [23/Apr/2013:12:07:25 -0700] "GET /las_vegas/calendar/images/mini_arrowleft.gif HTTP/1.1" 200 531 "http://random-site.com/las_vegas/calendar/" "Mozilla/5.0 (Linux; U; Android 4.0.4; en-us; SPH-D710 Build/IMM76I) AppleWebKit/534.30 (KHTML, like Gecko) Version/4.0 Mobile Safari/534.30" "random-site.com"
66.87.127.204 - - [23/Apr/2013:12:07:25 -0700] "GET /las_vegas/calendar/images/mini_arrowright.gif HTTP/1.1" 200 550 "http://random-site.com/las_vegas/calendar/" "Mozilla/5.0 (Linux; U; Android 4.0.4; en-us; SPH-D710 Build/IMM76I) AppleWebKit/534.30 (KHTML, like Gecko) Version/4.0 Mobile Safari/534.30" "random-site.com"
66.87.127.204 - - [23/Apr/2013:12:07:26 -0700] "GET /las_vegas/calendar/images/spacer.gif HTTP/1.1" 200 43 "http://random-site.com/las_vegas/calendar/" "Mozilla/5.0 (Linux; U; Android 4.0.4; en-us; SPH-D710 Build/IMM76I) AppleWebKit/534.30 (KHTML, like Gecko) Version/4.0 Mobile Safari/534.30" "random-site.com"
198.205.24.201 - - [23/Apr/2013:12:07:32 -0700] "GET /include/main.css HTTP/1.1" 200 2638 "http://random-site.com/dallas/" "Mozilla/5.0 (iPad; CPU OS 6_1_3 like Mac OS X) AppleWebKit/536.26 (KHTML, like Gecko) Version/6.0 Mobile/10B329 Safari/8536.25" "random-site.com"
198.205.24.201 - - [23/Apr/2013:12:07:32 -0700] "GET /include/jquery.js HTTP/1.1" 200 25139 "http://random-site.com/dallas/" "Mozilla/5.0 (iPad; CPU OS 6_1_3 like Mac OS X) AppleWebKit/536.26 (KHTML, like Gecko) Version/6.0 Mobile/10B329 Safari/8536.25" "random-site.com"
198.205.24.201 - - [23/Apr/2013:12:07:32 -0700] "GET /dallas/images/bdbk.jpg HTTP/1.1" 200 38375 "http://random-site.com/dallas/" "Mozilla/5.0 (iPad; CPU OS 6_1_3 like Mac OS X) AppleWebKit/536.26 (KHTML, like Gecko) Version/6.0 Mobile/10B329 Safari/8536.25" "random-site.com"
198.205.24.201 - - [23/Apr/2013:12:07:32 -0700] "GET /dallas/calendar/images/full_calendar.png HTTP/1.1" 200 636 "http://random-site.com/dallas/" "Mozilla/5.0 (iPad; CPU OS 6_1_3 like Mac OS X) AppleWebKit/536.26 (KHTML, like Gecko) Version/6.0 Mobile/10B329 Safari/8536.25" "random-site.com"
198.205.24.201 - - [23/Apr/2013:12:07:32 -0700] "GET /images/store/st_icon.gif HTTP/1.1" 200 30285 "http://random-site.com/dallas/" "Mozilla/5.0 (iPad; CPU OS 6_1_3 like Mac OS X) AppleWebKit/536.26 (KHTML, like Gecko) Version/6.0 Mobile/10B329 Safari/8536.25" "random-site.com"
198.205.24.201 - - [23/Apr/2013:12:07:32 -0700] "GET /images/citymenubk.png HTTP/1.1" 200 4825 "http://random-site.com/dallas/" "Mozilla/5.0 (iPad; CPU OS 6_1_3 like Mac OS X) AppleWebKit/536.26 (KHTML, like Gecko) Version/6.0 Mobile/10B329 Safari/8536.25" "random-site.com"
198.205.24.201 - - [23/Apr/2013:12:07:32 -0700] "GET /images/menu/2chi.png HTTP/1.1" 200 2438 "http://random-site.com/dallas/" "Mozilla/5.0 (iPad; CPU OS 6_1_3 like Mac OS X) AppleWebKit/536.26 (KHTML, like Gecko) Version/6.0 Mobile/10B329 Safari/8536.25" "random-site.com"
198.205.24.201 - - [23/Apr/2013:12:07:32 -0700] "GET /images/menu/2ny.png HTTP/1.1" 200 2732 "http://random-site.com/dallas/" "Mozilla/5.0 (iPad; CPU OS 6_1_3 like Mac OS X) AppleWebKit/536.26 (KHTML, like Gecko) Version/6.0 Mobile/10B329 Safari/8536.25" "random-site.com"
198.205.24.201 - - [23/Apr/2013:12:07:32 -0700] "GET /images/menu/2dnv.png HTTP/1.1" 200 2428 "http://random-site.com/dallas/" "Mozilla/5.0 (iPad; CPU OS 6_1_3 like Mac OS X) AppleWebKit/536.26 (KHTML, like Gecko) Version/6.0 Mobile/10B329 Safari/8536.25" "random-site.com"
150.131.75.70 - - [23/Apr/2013:12:07:36 -0700] "GET /las_vegas HTTP/1.1" 301 97 "http://www.lasvegas.com/listing/fremont-east-district/20995/?src=E04WHV0213_1624812896" "Mozilla/5.0 (compatible; MSIE 9.0; Windows NT 6.1; Trident/5.0)" "random-site.com"
72.48.54.175 - - [23/Apr/2013:12:07:36 -0700] "GET /favicon.ico HTTP/1.1" 404 89 "-" "Mozilla/5.0 (Windows NT 6.1; WOW64) AppleWebKit/537.31 (KHTML, like Gecko) Chrome/26.0.1410.64 Safari/537.31" "random-site.com"
150.131.75.70 - - [23/Apr/2013:12:07:36 -0700] "GET /las_vegas/ HTTP/1.1" 200 7281 "http://www.lasvegas.com/listing/fremont-east-district/20995/?src=E04WHV0213_1624812896" "Mozilla/5.0 (compatible; MSIE 9.0; Windows NT 6.1; Trident/5.0)" "random-site.com"
66.87.127.204 - - [23/Apr/2013:12:07:36 -0700] "GET /favicon.ico HTTP/1.1" 404 89 "http://random-site.com/las_vegas/calendar/" "Mozilla/5.0 (Linux; U; Android 4.0.4; en-us; SPH-D710 Build/IMM76I) AppleWebKit/534.30 (KHTML, like Gecko) Version/4.0 Mobile Safari/534.30" "random-site.com"
150.131.75.70 - - [23/Apr/2013:12:07:36 -0700] "GET /las_vegas/include/city.css HTTP/1.1" 200 689 "http://random-site.com/las_vegas/" "Mozilla/5.0 (compatible; MSIE 9.0; Windows NT 6.1; Trident/5.0)" "random-site.com"
150.131.75.70 - - [23/Apr/2013:12:07:36 -0700] "GET /include/jquery.js HTTP/1.1" 200 25139 "http://random-site.com/las_vegas/" "Mozilla/5.0 (compatible; MSIE 9.0; Windows NT 6.1; Trident/5.0)" "random-site.com"
150.131.75.70 - - [23/Apr/2013:12:07:37 -0700] "GET /images/menu/2atx.png HTTP/1.1" 200 2168 "http://random-site.com/las_vegas/" "Mozilla/5.0 (compatible; MSIE 9.0; Windows NT 6.1; Trident/5.0)" "random-site.com"
150.131.75.70 - - [23/Apr/2013:12:07:37 -0700] "GET /images/citymenubk.png HTTP/1.1" 200 4825 "http://random-site.com/las_vegas/" "Mozilla/5.0 (compatible; MSIE 9.0; Windows NT 6.1; Trident/5.0)" "random-site.com"
150.131.75.70 - - [23/Apr/2013:12:07:37 -0700] "GET /images/menu/2lv.png HTTP/1.1" 200 2666 "http://random-site.com/las_vegas/" "Mozilla/5.0 (compatible; MSIE 9.0; Windows NT 6.1; Trident/5.0)" "random-site.com"
150.131.75.70 - - [23/Apr/2013:12:07:37 -0700] "GET /images/menu/2dll.png HTTP/1.1" 200 2306 "http://random-site.com/las_vegas/" "Mozilla/5.0 (compatible; MSIE 9.0; Windows NT 6.1; Trident/5.0)" "random-site.com"
150.131.75.70 - - [23/Apr/2013:12:07:37 -0700] "GET /images/footerbk.png HTTP/1.1" 200 4091 "http://random-site.com/las_vegas/" "Mozilla/5.0 (compatible; MSIE 9.0; Windows NT 6.1; Trident/5.0)" "random-site.com"
150.131.75.70 - - [23/Apr/2013:12:07:38 -0700] "GET /favicon.ico HTTP/1.1" 404 89 "-" "Mozilla/5.0 (compatible; MSIE 9.0; Windows NT 6.1; Trident/5.0)" "random-site.com"
198.205.24.201 - - [23/Apr/2013:12:08:06 -0700] "GET /dallas/ HTTP/1.1" 200 7243 "http://random-site.com/dallas/" "Mozilla/5.0 (iPad; CPU OS 6_1_3 like Mac OS X) AppleWebKit/536.26 (KHTML, like Gecko) Version/6.0 Mobile/10B329 Safari/8536.25" "random-site.com"
198.205.24.201 - - [23/Apr/2013:12:08:15 -0700] "GET /dallas/martinis.php HTTP/1.1" 200 2063 "http://random-site.com/dallas/" "Mozilla/5.0 (iPad; CPU OS 6_1_3 like Mac OS X) AppleWebKit/536.26 (KHTML, like Gecko) Version/6.0 Mobile/10B329 Safari/8536.25" "random-site.com"
198.205.24.201 - - [23/Apr/2013:12:08:16 -0700] "GET /dallas/images/martinis_manicures.png HTTP/1.1" 200 12919 "http://random-site.com/dallas/martinis.php" "Mozilla/5.0 (iPad; CPU OS 6_1_3 like Mac OS X) AppleWebKit/536.26 (KHTML, like Gecko) Version/6.0 Mobile/10B329 Safari/8536.25" "random-site.com"
198.205.24.201 - - [23/Apr/2013:12:08:35 -0700] "GET /dallas/photos/cache/a5bcfd7713d3e2be6e880e2ace061874.jpg HTTP/1.1" 200 12700 "http://random-site.com/dallas/photos/" "Mozilla/5.0 (iPad; CPU OS 6_1_3 like Mac OS X) AppleWebKit/536.26 (KHTML, like Gecko) Version/6.0 Mobile/10B329 Safari/8536.25" "random-site.com"
198.205.24.201 - - [23/Apr/2013:12:08:35 -0700] "GET /dallas/photos/cache/a2ac80017cad4f97e2033437f022b750.jpg HTTP/1.1" 200 13061 "http://random-site.com/dallas/photos/" "Mozilla/5.0 (iPad; CPU OS 6_1_3 like Mac OS X) AppleWebKit/536.26 (KHTML, like Gecko) Version/6.0 Mobile/10B329 Safari/8536.25" "random-site.com"
198.205.24.201 - - [23/Apr/2013:12:08:36 -0700] "GET /dallas/photos/cache/ac42ced0ae2b5a35c00932e0f305ebe3.jpg HTTP/1.1" 200 12253 "http://random-site.com/dallas/photos/" "Mozilla/5.0 (iPad; CPU OS 6_1_3 like Mac OS X) AppleWebKit/536.26 (KHTML, like Gecko) Version/6.0 Mobile/10B329 Safari/8536.25" "random-site.com"
198.205.24.201 - - [23/Apr/2013:12:08:36 -0700] "GET /dallas/photos/cache/f325689de645d3578b799b4ee81aa3f3.jpg HTTP/1.1" 200 12171 "http://random-site.com/dallas/photos/" "Mozilla/5.0 (iPad; CPU OS 6_1_3 like Mac OS X) AppleWebKit/536.26 (KHTML, like Gecko) Version/6.0 Mobile/10B329 Safari/8536.25" "random-site.com"
198.205.24.201 - - [23/Apr/2013:12:08:36 -0700] "GET /dallas/photos/cache/071d3ea720dd54a3af33a36b73330962.jpg HTTP/1.1" 200 15644 "http://random-site.com/dallas/photos/" "Mozilla/5.0 (iPad; CPU OS 6_1_3 like Mac OS X) AppleWebKit/536.26 (KHTML, like Gecko) Version/6.0 Mobile/10B329 Safari/8536.25" "random-site.com"
198.205.24.201 - - [23/Apr/2013:12:08:36 -0700] "GET /dallas/photos/cache/8c6047ee6aab85dbe52bd6ce0a381f82.jpg HTTP/1.1" 200 8693 "http://random-site.com/dallas/photos/" "Mozilla/5.0 (iPad; CPU OS 6_1_3 like Mac OS X) AppleWebKit/536.26 (KHTML, like Gecko) Version/6.0 Mobile/10B329 Safari/8536.25" "random-site.com"
198.205.24.201 - - [23/Apr/2013:12:08:36 -0700] "GET /dallas/photos/cache/27fe6079ea0abfe8efe26f84a4551ec6.jpg HTTP/1.1" 200 17033 "http://random-site.com/dallas/photos/" "Mozilla/5.0 (iPad; CPU OS 6_1_3 like Mac OS X) AppleWebKit/536.26 (KHTML, like Gecko) Version/6.0 Mobile/10B329 Safari/8536.25" "random-site.com"
198.205.24.201 - - [23/Apr/2013:12:08:36 -0700] "GET /dallas/photos/cache/e72676f0718bb803eefe6ee4a864874b.jpg HTTP/1.1" 200 12363 "http://random-site.com/dallas/photos/" "Mozilla/5.0 (iPad; CPU OS 6_1_3 like Mac OS X) AppleWebKit/536.26 (KHTML, like Gecko) Version/6.0 Mobile/10B329 Safari/8536.25" "random-site.com"
198.205.24.201 - - [23/Apr/2013:12:08:36 -0700] "GET /dallas/photos/cache/61042f6a4e9453422d86bcc24762b51f.jpg HTTP/1.1" 200 12832 "http://random-site.com/dallas/photos/" "Mozilla/5.0 (iPad; CPU OS 6_1_3 like Mac OS X) AppleWebKit/536.26 (KHTML, like Gecko) Version/6.0 Mobile/10B329 Safari/8536.25" "random-site.com"
198.205.24.201 - - [23/Apr/2013:12:08:40 -0700] "GET /dallas/images/mini_arrowright.gif HTTP/1.1" 200 550 "http://random-site.com/dallas/photos/index.php?file=./Beauty-Bar-Dallas-015.jpg" "Mozilla/5.0 (iPad; CPU OS 6_1_3 like Mac OS X) AppleWebKit/536.26 (KHTML, like Gecko) Version/6.0 Mobile/10B329 Safari/8536.25" "random-site.com"
198.205.24.201 - - [23/Apr/2013:12:08:40 -0700] "GET /dallas/images/mini_arrowleft.gif HTTP/1.1" 200 531 "http://random-site.com/dallas/photos/index.php?file=./Beauty-Bar-Dallas-015.jpg" "Mozilla/5.0 (iPad; CPU OS 6_1_3 like Mac OS X) AppleWebKit/536.26 (KHTML, like Gecko) Version/6.0 Mobile/10B329 Safari/8536.25" "random-site.com"
198.205.24.201 - - [23/Apr/2013:12:08:45 -0700] "GET /dallas/photos/index.php?file=./Beauty-Bar-Dallas-018.jpg HTTP/1.1" 200 2245 "http://random-site.com/dallas/photos/index.php?file=./Beauty-Bar-Dallas-015.jpg" "Mozilla/5.0 (iPad; CPU OS 6_1_3 like Mac OS X) AppleWebKit/536.26 (KHTML, like Gecko) Version/6.0 Mobile/10B329 Safari/8536.25" "random-site.com"
198.205.24.201 - - [23/Apr/2013:12:08:50 -0700] "GET /dallas/photos/index.php?file=./Beauty-Bar-Dallas-019.jpg HTTP/1.1" 200 2246 "http://random-site.com/dallas/photos/index.php?file=./Beauty-Bar-Dallas-018.jpg" "Mozilla/5.0 (iPad; CPU OS 6_1_3 like Mac OS X) AppleWebKit/536.26 (KHTML, like Gecko) Version/6.0 Mobile/10B329 Safari/8536.25" "random-site.com"
198.205.24.201 - - [23/Apr/2013:12:08:50 -0700] "GET /dallas/photos/rcache/bb416414d86c8cc0e08cfdcbda05b476.jpg HTTP/1.1" 200 39539 "http://random-site.com/dallas/photos/index.php?file=./Beauty-Bar-Dallas-019.jpg" "Mozilla/5.0 (iPad; CPU OS 6_1_3 like Mac OS X) AppleWebKit/536.26 (KHTML, like Gecko) Version/6.0 Mobile/10B329 Safari/8536.25" "random-site.com"
198.205.24.201 - - [23/Apr/2013:12:08:59 -0700] "GET /dallas/photos/index.php?file=./Beauty-Bar-Dallas-021.jpg HTTP/1.1" 200 2247 "http://random-site.com/dallas/photos/index.php?file=./Beauty-Bar-Dallas-020.jpg" "Mozilla/5.0 (iPad; CPU OS 6_1_3 like Mac OS X) AppleWebKit/536.26 (KHTML, like Gecko) Version/6.0 Mobile/10B329 Safari/8536.25" "random-site.com"
150.131.75.70 - - [23/Apr/2013:12:08:59 -0700] "GET /include/storeicons/sthm1.jpg HTTP/1.1" 200 58099 "http://store.random-site.com/" "Mozilla/5.0 (compatible; MSIE 9.0; Windows NT 6.1; Trident/5.0)" "random-site.com"
150.131.75.70 - - [23/Apr/2013:12:08:59 -0700] "GET /include/storeicons/sthm4.jpg HTTP/1.1" 200 61171 "http://store.random-site.com/" "Mozilla/5.0 (compatible; MSIE 9.0; Windows NT 6.1; Trident/5.0)" "random-site.com"
150.131.75.70 - - [23/Apr/2013:12:08:59 -0700] "GET /include/storeicons/sthm3.jpg HTTP/1.1" 200 70886 "http://store.random-site.com/" "Mozilla/5.0 (compatible; MSIE 9.0; Windows NT 6.1; Trident/5.0)" "random-site.com"
150.131.75.70 - - [23/Apr/2013:12:09:02 -0700] "GET /include/storeicons/freeship.jpg HTTP/1.1" 200 6714 "http://store.random-site.com/" "Mozilla/5.0 (compatible; MSIE 9.0; Windows NT 6.1; Trident/5.0)" "random-site.com"
150.131.75.70 - - [23/Apr/2013:12:09:02 -0700] "GET /include/storeicons/sthm6.jpg HTTP/1.1" 200 57747 "http://store.random-site.com/" "Mozilla/5.0 (compatible; MSIE 9.0; Windows NT 6.1; Trident/5.0)" "random-site.com"
150.131.75.70 - - [23/Apr/2013:12:09:04 -0700] "GET /include/storeicons/bag.png HTTP/1.1" 200 1604 "http://store.random-site.com/" "Mozilla/5.0 (compatible; MSIE 9.0; Windows NT 6.1; Trident/5.0)" "random-site.com"
198.205.24.201 - - [23/Apr/2013:12:09:09 -0700] "GET /dallas/photos/rcache/a2ac80017cad4f97e20